=== W2 worker-minimax START 00:54:56 ===
[33;1mWARNING: Prefix drift for lane 'worker-minimax': static prefix changed vs baseline. Cache hits for this lane will drop until doctrine/contract stabilise.[0m
Fugu packet: B:\AI-Wiki.runtime\fugu-lanes\pocketmic-web-20260903-005458-308
Lane 'worker-minimax' remains active after 60.6s; continuing to watch the no-window child process.
Lane 'worker-minimax' remains active after 121.1s; continuing to watch the no-window child process.
Lane 'worker-minimax' remains active after 181.7s; continuing to watch the no-window child process.
Lane 'worker-minimax' reached its soft 240s checkpoint and is still running without a visible console.
Lane 'worker-minimax' remains active after 300.7s; continuing to watch the no-window child process.
Lane 'worker-minimax' remains active after 361.2s; continuing to watch the no-window child process.
Lane 'worker-minimax' remains active after 421.7s; continuing to watch the no-window child process.
Lane 'worker-minimax' remains active after 482.2s; continuing to watch the no-window child process.
Lane 'worker-minimax' remains active after 542.6s; continuing to watch the no-window child process.
Lane 'worker-minimax' remains active after 603.1s; continuing to watch the no-window child process.
Lane 'worker-minimax' remains active after 663.6s; continuing to watch the no-window child process.
Lane 'worker-minimax' remains active after 724.1s; continuing to watch the no-window child process.
Lane 'worker-minimax' remains active after 784.7s; continuing to watch the no-window child process.
Lane 'worker-minimax' remains active after 845.2s; continuing to watch the no-window child process.
Lane 'worker-minimax' remains active after 905.8s; continuing to watch the no-window child process.
Lane 'worker-minimax' remains active after 966.3s; continuing to watch the no-window child process.
Lane 'worker-minimax' remains active after 1026.7s; continuing to watch the no-window child process.
Lane 'worker-minimax' remains active after 1087.2s; continuing to watch the no-window child process.
Lane 'worker-minimax' remains active after 1147.7s; continuing to watch the no-window child process.
Lane 'worker-minimax' remains active after 1208.2s; continuing to watch the no-window child process.
Lane 'worker-minimax' remains active after 1268.8s; continuing to watch the no-window child process.
Lane 'worker-minimax' remains active after 1329.4s; continuing to watch the no-window child process.
Lane 'worker-minimax' remains active after 1389.9s; continuing to watch the no-window child process.
Lane 'worker-minimax' remains active after 1450.5s; continuing to watch the no-window child process.
Lane 'worker-minimax' remains active after 1511.1s; continuing to watch the no-window child process.
Lane 'worker-minimax' remains active after 1571.7s; continuing to watch the no-window child process.
Lane 'worker-minimax' remains active after 1632.2s; continuing to watch the no-window child process.
Lane 'worker-minimax' remains active after 1692.8s; continuing to watch the no-window child process.
Lane 'worker-minimax' remains active after 1753.3s; continuing to watch the no-window child process.
Lane 'worker-minimax' remains active after 1813.8s; continuing to watch the no-window child process.
Lane 'worker-minimax' remains active after 1874.3s; continuing to watch the no-window child process.
Lane 'worker-minimax' remains active after 1934.8s; continuing to watch the no-window child process.
Lane 'worker-minimax' remains active after 1995.3s; continuing to watch the no-window child process.
Lane 'worker-minimax' remains active after 2055.9s; continuing to watch the no-window child process.
Lane 'worker-minimax' remains active after 2116.4s; continuing to watch the no-window child process.
Lane 'worker-minimax' remains active after 2176.9s; continuing to watch the no-window child process.
Lane 'worker-minimax' remains active after 2237.5s; continuing to watch the no-window child process.
Lane 'worker-minimax' remains active after 2298s; continuing to watch the no-window child process.
Lane 'worker-minimax' remains active after 2358.5s; continuing to watch the no-window child process.
Lane 'worker-minimax' remains active after 2419.1s; continuing to watch the no-window child process.
Lane 'worker-minimax' remains active after 2479.6s; continuing to watch the no-window child process.
Lane 'worker-minimax' remains active after 2540.1s; continuing to watch the no-window child process.
Lane 'worker-minimax' remains active after 2600.7s; continuing to watch the no-window child process.
Lane 'worker-minimax' remains active after 2661.2s; continuing to watch the no-window child process.
Lane 'worker-minimax' remains active after 2721.7s; continuing to watch the no-window child process.
Lane 'worker-minimax' remains active after 2782.4s; continuing to watch the no-window child process.
Lane 'worker-minimax' remains active after 2842.9s; continuing to watch the no-window child process.
Lane 'worker-minimax' remains active after 2903.4s; continuing to watch the no-window child process.
Lane 'worker-minimax' remains active after 2964.1s; continuing to watch the no-window child process.
Lane 'worker-minimax' remains active after 3024.6s; continuing to watch the no-window child process.
Lane 'worker-minimax' remains active after 3085.2s; continuing to watch the no-window child process.
Lane 'worker-minimax' remains active after 3145.8s; continuing to watch the no-window child process.
Lane 'worker-minimax' remains active after 3206.3s; continuing to watch the no-window child process.
Lane 'worker-minimax' remains active after 3266.8s; continuing to watch the no-window child process.
Lane 'worker-minimax' remains active after 3327.4s; continuing to watch the no-window child process.
Lane 'worker-minimax' remains active after 3388s; continuing to watch the no-window child process.
Lane 'worker-minimax' remains active after 3448.6s; continuing to watch the no-window child process.
Lane 'worker-minimax' remains active after 3509.2s; continuing to watch the no-window child process.
Lane 'worker-minimax' remains active after 3569.8s; continuing to watch the no-window child process.
Lane 'worker-minimax' remains active after 3630.4s; continuing to watch the no-window child process.
Lane 'worker-minimax' remains active after 3690.9s; continuing to watch the no-window child process.
Lane 'worker-minimax' remains active after 3751.5s; continuing to watch the no-window child process.
Lane 'worker-minimax' remains active after 3812s; continuing to watch the no-window child process.
Lane 'worker-minimax' remains active after 3872.5s; continuing to watch the no-window child process.
Lane 'worker-minimax' remains active after 3933.1s; continuing to watch the no-window child process.
Lane 'worker-minimax' remains active after 3993.6s; continuing to watch the no-window child process.
Lane 'worker-minimax' remains active after 4054.1s; continuing to watch the no-window child process.
Lane 'worker-minimax' remains active after 4114.6s; continuing to watch the no-window child process.
Lane 'worker-minimax' remains active after 4175.1s; continuing to watch the no-window child process.
Lane 'worker-minimax' remains active after 4235.7s; continuing to watch the no-window child process.
Lane 'worker-minimax' remains active after 4296.2s; continuing to watch the no-window child process.
Lane 'worker-minimax' remains active after 4356.8s; continuing to watch the no-window child process.
Lane 'worker-minimax' remains active after 4417.3s; continuing to watch the no-window child process.
Lane 'worker-minimax' remains active after 4477.8s; continuing to watch the no-window child process.
Lane 'worker-minimax' remains active after 4538.4s; continuing to watch the no-window child process.
Lane 'worker-minimax' remains active after 4599s; continuing to watch the no-window child process.
Lane 'worker-minimax' remains active after 4659.5s; continuing to watch the no-window child process.
Lane 'worker-minimax' remains active after 4720.1s; continuing to watch the no-window child process.
Lane 'worker-minimax' remains active after 4780.6s; continuing to watch the no-window child process.
Lane 'worker-minimax' remains active after 4841.1s; continuing to watch the no-window child process.
Lane 'worker-minimax' remains active after 4901.7s; continuing to watch the no-window child process.
Lane 'worker-minimax' remains active after 4962.2s; continuing to watch the no-window child process.
Lane 'worker-minimax' remains active after 5022.7s; continuing to watch the no-window child process.
Lane 'worker-minimax' remains active after 5083.2s; continuing to watch the no-window child process.
Lane 'worker-minimax' remains active after 5143.7s; continuing to watch the no-window child process.
Lane 'worker-minimax' remains active after 5204.3s; continuing to watch the no-window child process.
Lane 'worker-minimax' remains active after 5264.9s; continuing to watch the no-window child process.
Lane 'worker-minimax' remains active after 5325.3s; continuing to watch the no-window child process.
Lane 'worker-minimax' remains active after 5385.9s; continuing to watch the no-window child process.
Lane 'worker-minimax' remains active after 5446.4s; continuing to watch the no-window child process.
Lane 'worker-minimax' remains active after 5506.9s; continuing to watch the no-window child process.
Lane 'worker-minimax' remains active after 5567.5s; continuing to watch the no-window child process.
Lane 'worker-minimax' remains active after 5628s; continuing to watch the no-window child process.
Lane 'worker-minimax' remains active after 5688.5s; continuing to watch the no-window child process.
lane=worker-minimax profile=code-minimax model=minimaxai/minimax-m3 workspace_mode=explicit-workspace workspace=B:\Dev\android\pocketmic-lan\pocketmic-lan-v0.1.3 ignore_rules=True max_turns=16 soft_checkpoint_s=240 max_runtime_s=0 -> .fugu/20260902-webpage/results/w2.out.md
=== W2 DONE rc=0 02:30:09 ===
